leadership-page probe over 26 firms
    -  FENTON FAMILY OFFICE LIMITED                                
    -  ALEXANDER FAMILY HOLDINGS LTD.                              
  PASS BARRETT FAMILY HOLDINGS LIMITED     Community Appointing    45 2026-04-14
    -  MALHOTRA FAMILY HOLDINGS LIMITED                            
    -  NEWMAN HERITAGE LIMITED                                     
    -  SMITH FAMILY TRUST CORPORATION LIM                          
    -  KNOWLES FAMILY INVESTMENT COMPANY                           
  part WHITEHEAD FAMILY HOLDINGS LIMITED   Incorporation Document  hi@tracxn.com
    -  FRANCIS FAMILY OFFICE LIMITED                               
    -  GATES FAMILY HOLDINGS LTD                                   
  PASS Kopp Family Office, LLC             Initial Contact         952) 841-0430
    -  Duquesne Family Office LLC                                  
  part Stephens Group, LLC                 Chief Executive         
  part CASCADE INVESTMENT, L.L.C.          Michael Larson          
    -  Pinnacle Family Office Investments                          
  part PITON CAPITAL PARTNERS LLC          Stockton Executive      
  part Wentworth Hall Family Office        Europe Country          
  part Emerson Collective                  Emerson Collective      
  part Bolt Ventures                       Megha Tibrewal          hi@tracxn.com
    -  Access Industries                                           
  part KAAF Investments                    Partner With            info@kaafinvestments.com
    -  Finkeissen Holdings                                         
    -  Tamar Capital                                               
  part Raintree Family Office              Our Founders            contactus@theraintree.co.in
  part Bezos Expeditions                   Melinda Lewison         
  part Thiel Capital                       Business Page           

  attempted 26 | person 13 | route 6 | ownership 2 | gate5 2
  api calls 40 | wall 426s | per qualified 20 calls
